Archive member included to satisfy reference by file (symbol)

c:/st/stm32cubeide_1.7.0/stm32cubeide/plugins/com.st.stm32cube.ide.mcu.externaltools.gnu-tools-for-stm32.10.3-2021.10.win32_1.0.100.202210260954/tools/bin/../lib/gcc/arm-none-eabi/10.3.1/../../../../arm-none-eabi/lib/thumb/v7-m/nofp\libc_nano.a(lib_a-errno.o)
                              ./Core/Src/syscalls.o (__errno)
c:/st/stm32cubeide_1.7.0/stm32cubeide/plugins/com.st.stm32cube.ide.mcu.externaltools.gnu-tools-for-stm32.10.3-2021.10.win32_1.0.100.202210260954/tools/bin/../lib/gcc/arm-none-eabi/10.3.1/../../../../arm-none-eabi/lib/thumb/v7-m/nofp\libc_nano.a(lib_a-exit.o)
                              c:/st/stm32cubeide_1.7.0/stm32cubeide/plugins/com.st.stm32cube.ide.mcu.externaltools.gnu-tools-for-stm32.10.3-2021.10.win32_1.0.100.202210260954/tools/bin/../lib/gcc/arm-none-eabi/10.3.1/../../../../arm-none-eabi/lib/thumb/v7-m/nofp/crt0.o (exit)
c:/st/stm32cubeide_1.7.0/stm32cubeide/plugins/com.st.stm32cube.ide.mcu.externaltools.gnu-tools-for-stm32.10.3-2021.10.win32_1.0.100.202210260954/tools/bin/../lib/gcc/arm-none-eabi/10.3.1/../../../../arm-none-eabi/lib/thumb/v7-m/nofp\libc_nano.a(lib_a-impure.o)
                              c:/st/stm32cubeide_1.7.0/stm32cubeide/plugins/com.st.stm32cube.ide.mcu.externaltools.gnu-tools-for-stm32.10.3-2021.10.win32_1.0.100.202210260954/tools/bin/../lib/gcc/arm-none-eabi/10.3.1/../../../../arm-none-eabi/lib/thumb/v7-m/nofp\libc_nano.a(lib_a-exit.o) (_global_impure_ptr)
c:/st/stm32cubeide_1.7.0/stm32cubeide/plugins/com.st.stm32cube.ide.mcu.externaltools.gnu-tools-for-stm32.10.3-2021.10.win32_1.0.100.202210260954/tools/bin/../lib/gcc/arm-none-eabi/10.3.1/../../../../arm-none-eabi/lib/thumb/v7-m/nofp\libc_nano.a(lib_a-init.o)
                              c:/st/stm32cubeide_1.7.0/stm32cubeide/plugins/com.st.stm32cube.ide.mcu.externaltools.gnu-tools-for-stm32.10.3-2021.10.win32_1.0.100.202210260954/tools/bin/../lib/gcc/arm-none-eabi/10.3.1/../../../../arm-none-eabi/lib/thumb/v7-m/nofp/crt0.o (__libc_init_array)
c:/st/stm32cubeide_1.7.0/stm32cubeide/plugins/com.st.stm32cube.ide.mcu.externaltools.gnu-tools-for-stm32.10.3-2021.10.win32_1.0.100.202210260954/tools/bin/../lib/gcc/arm-none-eabi/10.3.1/../../../../arm-none-eabi/lib/thumb/v7-m/nofp\libc_nano.a(lib_a-memset.o)
                              c:/st/stm32cubeide_1.7.0/stm32cubeide/plugins/com.st.stm32cube.ide.mcu.externaltools.gnu-tools-for-stm32.10.3-2021.10.win32_1.0.100.202210260954/tools/bin/../lib/gcc/arm-none-eabi/10.3.1/../../../../arm-none-eabi/lib/thumb/v7-m/nofp/crt0.o (memset)
c:/st/stm32cubeide_1.7.0/stm32cubeide/plugins/com.st.stm32cube.ide.mcu.externaltools.gnu-tools-for-stm32.10.3-2021.10.win32_1.0.100.202210260954/tools/bin/../lib/gcc/arm-none-eabi/10.3.1/../../../../arm-none-eabi/lib/thumb/v7-m/nofp\libc_nano.a(lib_a-printf.o)
                              ./Core/Src/uart_communication_fsm.o (printf)
c:/st/stm32cubeide_1.7.0/stm32cubeide/plugins/com.st.stm32cube.ide.mcu.externaltools.gnu-tools-for-stm32.10.3-2021.10.win32_1.0.100.202210260954/tools/bin/../lib/gcc/arm-none-eabi/10.3.1/../../../../arm-none-eabi/lib/thumb/v7-m/nofp\libc_nano.a(lib_a-strlen.o)
                              ./Core/Src/uart_communication_fsm.o (strlen)
c:/st/stm32cubeide_1.7.0/stm32cubeide/plugins/com.st.stm32cube.ide.mcu.externaltools.gnu-tools-for-stm32.10.3-2021.10.win32_1.0.100.202210260954/tools/bin/../lib/gcc/arm-none-eabi/10.3.1/../../../../arm-none-eabi/lib/thumb/v7-m/nofp\libc_nano.a(lib_a-strncpy.o)
                              ./Core/Src/uart_communication_fsm.o (strncpy)
c:/st/stm32cubeide_1.7.0/stm32cubeide/plugins/com.st.stm32cube.ide.mcu.externaltools.gnu-tools-for-stm32.10.3-2021.10.win32_1.0.100.202210260954/tools/bin/../lib/gcc/arm-none-eabi/10.3.1/../../../../arm-none-eabi/lib/thumb/v7-m/nofp\libc_nano.a(lib_a-strstr.o)
                              ./Core/Src/uart_communication_fsm.o (strstr)
c:/st/stm32cubeide_1.7.0/stm32cubeide/plugins/com.st.stm32cube.ide.mcu.externaltools.gnu-tools-for-stm32.10.3-2021.10.win32_1.0.100.202210260954/tools/bin/../lib/gcc/arm-none-eabi/10.3.1/../../../../arm-none-eabi/lib/thumb/v7-m/nofp\libc_nano.a(lib_a-findfp.o)
                              c:/st/stm32cubeide_1.7.0/stm32cubeide/plugins/com.st.stm32cube.ide.mcu.externaltools.gnu-tools-for-stm32.10.3-2021.10.win32_1.0.100.202210260954/tools/bin/../lib/gcc/arm-none-eabi/10.3.1/../../../../arm-none-eabi/lib/thumb/v7-m/nofp\libc_nano.a(lib_a-printf.o) (__sinit)
c:/st/stm32cubeide_1.7.0/stm32cubeide/plugins/com.st.stm32cube.ide.mcu.externaltools.gnu-tools-for-stm32.10.3-2021.10.win32_1.0.100.202210260954/tools/bin/../lib/gcc/arm-none-eabi/10.3.1/../../../../arm-none-eabi/lib/thumb/v7-m/nofp\libc_nano.a(lib_a-fwalk.o)
[...]
Memory Configuration

Name             Origin             Length             Attributes
RAM              0x0000000020000000 0x0000000000005000 xrw
FLASH            0x0000000008000000 0x0000000000020000 xr
*default*        0x0000000000000000 0xffffffffffffffff

Linker script and memory map

LOAD c:/st/stm32cubeide_1.7.0/stm32cubeide/plugins/com.st.stm32cube.ide.mcu.externaltools.gnu-tools-for-stm32.10.3-2021.10.win32_1.0.100.202210260954/tools/bin/../lib/gcc/arm-none-eabi/10.3.1/thumb/v7-m/nofp/crti.o
LOAD c:/st/stm32cubeide_1.7.0/stm32cubeide/plugins/com.st.stm32cube.ide.mcu.externaltools.gnu-tools-for-stm32.10.3-2021.10.win32_1.0.100.202210260954/tools/bin/../lib/gcc/arm-none-eabi/10.3.1/thumb/v7-m/nofp/crtbegin.o
LOAD c:/st/stm32cubeide_1.7.0/stm32cubeide/plugins/com.st.stm32cube.ide.mcu.externaltools.gnu-tools-for-stm32.10.3-2021.10.win32_1.0.100.202210260954/tools/bin/../lib/gcc/arm-none-eabi/10.3.1/../../../../arm-none-eabi/lib/thumb/v7-m/nofp/crt0.o
LOAD ./Core/Src/button.o
LOAD ./Core/Src/command_parser_fsm.o
LOAD ./Core/Src/fsm_button_processing.o
LOAD ./Core/Src/fsm_trafficlight.o
LOAD ./Core/Src/main.o
LOAD ./Core/Src/stm32f1xx_hal_msp.o
LOAD ./Core/Src/stm32f1xx_it.o
LOAD ./Core/Src/syscalls.o
LOAD ./Core/Src/sysmem.o
LOAD ./Core/Src/system_stm32f1xx.o
LOAD ./Core/Src/timer.o
LOAD ./Core/Src/uart_communication_fsm.o
LOAD ./Core/Startup/startup_stm32f103rbtx.o
LOAD ./Drivers/STM32F1xx_HAL_Driver/Src/stm32f1xx_hal.o
LOAD ./Drivers/STM32F1xx_HAL_Driver/Src/stm32f1xx_hal_cortex.o
LOAD ./Drivers/STM32F1xx_HAL_Driver/Src/stm32f1xx_hal_dma.o
LOAD ./Drivers/STM32F1xx_HAL_Driver/Src/stm32f1xx_hal_exti.o
LOAD ./Drivers/STM32F1xx_HAL_Driver/Src/stm32f1xx_hal_flash.o
LOAD ./Drivers/STM32F1xx_HAL_Driver/Src/stm32f1xx_hal_flash_ex.o
LOAD ./Drivers/STM32F1xx_HAL_Driver/Src/stm32f1xx_hal_gpio.o
LOAD ./Drivers/STM32F1xx_HAL_Driver/Src/stm32f1xx_hal_gpio_ex.o
LOAD ./Drivers/STM32F1xx_HAL_Driver/Src/stm32f1xx_hal_pwr.o
LOAD ./Drivers/STM32F1xx_HAL_Driver/Src/stm32f1xx_hal_rcc.o
LOAD ./Drivers/STM32F1xx_HAL_Driver/Src/stm32f1xx_hal_rcc_ex.o
LOAD ./Drivers/STM32F1xx_HAL_Driver/Src/stm32f1xx_hal_tim.o
LOAD ./Drivers/STM32F1xx_HAL_Driver/Src/stm32f1xx_hal_tim_ex.o
LOAD ./Drivers/STM32F1xx_HAL_Driver/Src/stm32f1xx_hal_uart.o
START GROUP
LOAD c:/st/stm32cubeide_1.7.0/stm32cubeide/plugins/com.st.stm32cube.ide.mcu.externaltools.gnu-tools-for-stm32.10.3-2021.10.win32_1.0.100.202210260954/tools/bin/../lib/gcc/arm-none-eabi/10.3.1/../../../../arm-none-eabi/lib/thumb/v7-m/nofp\libc_nano.a
LOAD c:/st/stm32cubeide_1.7.0/stm32cubeide/plugins/com.st.stm32cube.ide.mcu.externaltools.gnu-tools-for-stm32.10.3-2021.10.win32_1.0.100.202210260954/tools/bin/../lib/gcc/arm-none-eabi/10.3.1/../../../../arm-none-eabi/lib/thumb/v7-m/nofp\libm.a
END GROUP
START GROUP
LOAD c:/st/stm32cubeide_1.7.0/stm32cubeide/plugins/com.st.stm32cube.ide.mcu.externaltools.gnu-tools-for-stm32.10.3-2021.10.win32_1.0.100.202210260954/tools/bin/../lib/gcc/arm-none-eabi/10.3.1/thumb/v7-m/nofp\libgcc.a
LOAD c:/st/stm32cubeide_1.7.0/stm32cubeide/plugins/com.st.stm32cube.ide.mcu.externaltools.gnu-tools-for-stm32.10.3-2021.10.win32_1.0.100.202210260954/tools/bin/../lib/gcc/arm-none-eabi/10.3.1/../../../../arm-none-eabi/lib/thumb/v7-m/nofp\libc_nano.a
END GROUP
START GROUP
LOAD c:/st/stm32cubeide_1.7.0/stm32cubeide/plugins/com.st.stm32cube.ide.mcu.externaltools.gnu-tools-for-stm32.10.3-2021.10.win32_1.0.100.202210260954/tools/bin/../lib/gcc/arm-none-eabi/10.3.1/thumb/v7-m/nofp\libgcc.a
LOAD c:/st/stm32cubeide_1.7.0/stm32cubeide/plugins/com.st.stm32cube.ide.mcu.externaltools.gnu-tools-for-stm32.10.3-2021.10.win32_1.0.100.202210260954/tools/bin/../lib/gcc/arm-none-eabi/10.3.1/../../../../arm-none-eabi/lib/thumb/v7-m/nofp\libc_nano.a
LOAD c:/st/stm32cubeide_1.7.0/stm32cubeide/plugins/com.st.stm32cube.ide.mcu.externaltools.gnu-tools-for-stm32.10.3-2021.10.win32_1.0.100.202210260954/tools/bin/../lib/gcc/arm-none-eabi/10.3.1/../../../../arm-none-eabi/lib/thumb/v7-m/nofp\libnosys.a
END GROUP
START GROUP
LOAD c:/st/stm32cubeide_1.7.0/stm32cubeide/plugins/com.st.stm32cube.ide.mcu.externaltools.gnu-tools-for-stm32.10.3-2021.10.win32_1.0.100.202210260954/tools/bin/../lib/gcc/arm-none-eabi/10.3.1/thumb/v7-m/nofp\libgcc.a
LOAD c:/st/stm32cubeide_1.7.0/stm32cubeide/plugins/com.st.stm32cube.ide.mcu.externaltools.gnu-tools-for-stm32.10.3-2021.10.win32_1.0.100.202210260954/tools/bin/../lib/gcc/arm-none-eabi/10.3.1/../../../../arm-none-eabi/lib/thumb/v7-m/nofp\libc_nano.a
LOAD c:/st/stm32cubeide_1.7.0/stm32cubeide/plugins/com.st.stm32cube.ide.mcu.externaltools.gnu-tools-for-stm32.10.3-2021.10.win32_1.0.100.202210260954/tools/bin/../lib/gcc/arm-none-eabi/10.3.1/../../../../arm-none-eabi/lib/thumb/v7-m/nofp\libnosys.a
END GROUP
LOAD c:/st/stm32cubeide_1.7.0/stm32cubeide/plugins/com.st.stm32cube.ide.mcu.externaltools.gnu-tools-for-stm32.10.3-2021.10.win32_1.0.100.202210260954/tools/bin/../lib/gcc/arm-none-eabi/10.3.1/thumb/v7-m/nofp/crtend.o
LOAD c:/st/stm32cubeide_1.7.0/stm32cubeide/plugins/com.st.stm32cube.ide.mcu.externaltools.gnu-tools-for-stm32.10.3-2021.10.win32_1.0.100.202210260954/tools/bin/../lib/gcc/arm-none-eabi/10.3.1/thumb/v7-m/nofp/crtn.o
                0x0000000020005000                _estack = (ORIGIN (RAM) + LENGTH (RAM))
                0x0000000000000200                _Min_Heap_Size = 0x200
                0x0000000000000400                _Min_Stack_Size = 0x400

.isr_vector     0x0000000008000000      0x10c
                0x0000000008000000                . = ALIGN (0x4)
 *(.isr_vector)
 .isr_vector    0x0000000008000000      0x10c ./Core/Startup/startup_stm32f103rbtx.o
                0x0000000008000000                g_pfnVectors
                0x000000000800010c                . = ALIGN (0x4)

.text           0x000000000800010c     0x32b4
                0x000000000800010c                . = ALIGN (0x4)
 *(.text)
 .text          0x000000000800010c       0x40 c:/st/stm32cubeide_1.7.0/stm32cubeide/plugins/com.st.stm32cube.ide.mcu.externaltools.gnu-tools-for-stm32.10.3-2021.10.win32_1.0.100.202210260954/tools/bin/../lib/gcc/arm-none-eabi/10.3.1/thumb/v7-m/nofp/crtbegin.o
 *(.text*)
 .text.buttonReading
                0x000000000800014c      0x164 ./Core/Src/button.o
                0x000000000800014c                buttonReading
 .text.isButtonPressed
                0x00000000080002b0       0x44 ./Core/Src/button.o
                0x00000000080002b0                isButtonPressed
 .text.isButtonHold
                0x00000000080002f4       0x38 ./Core/Src/button.o
                0x00000000080002f4                isButtonHold
 .text.incTime  0x000000000800032c       0x28 ./Core/Src/fsm_button_processing.o
                0x000000000800032c                incTime
 .text.decTime  0x0000000008000354       0x28 ./Core/Src/fsm_button_processing.o
                0x0000000008000354                decTime
 .text.translate
                0x000000000800037c       0x44 ./Core/Src/fsm_button_processing.o
                0x000000000800037c                translate
 .text.fsm_button_displayTraffic
                0x00000000080003c0      0x2ac ./Core/Src/fsm_button_processing.o
                0x00000000080003c0                fsm_button_displayTraffic
 .text.clearLight
                0x000000000800066c       0x88 ./Core/Src/fsm_trafficlight.o
                0x000000000800066c                clearLight
 .text.clearTrafficLight
                0x00000000080006f4       0x14 ./Core/Src/fsm_trafficlight.o
                0x00000000080006f4                clearTrafficLight
 .text.clearPedes
                0x0000000008000708       0x40 ./Core/Src/fsm_trafficlight.o
                0x0000000008000708                clearPedes
 .text.turnOnPedes
                0x0000000008000748       0x40 ./Core/Src/fsm_trafficlight.o
                0x0000000008000748                turnOnPedes
 .text.turnOnLight
                0x0000000008000788      0x170 ./Core/Src/fsm_trafficlight.o
                0x0000000008000788                turnOnLight
 .text.blinkyLight
                0x00000000080008f8       0x5c ./Core/Src/fsm_trafficlight.o
                0x00000000080008f8                blinkyLight
 .text.displayTrafficLight
                0x0000000008000954      0x184 ./Core/Src/fsm_trafficlight.o
                0x0000000008000954                displayTrafficLight
 .text.displayTraffic
                0x0000000008000ad8       0x18 ./Core/Src/fsm_trafficlight.o
                0x0000000008000ad8                displayTraffic
 .text.HAL_UART_RxCpltCallback
                0x0000000008000af0       0x74 ./Core/Src/main.o
                0x0000000008000af0                HAL_UART_RxCpltCallback
 .text.main     0x0000000008000b64       0x64 ./Core/Src/main.o
                0x0000000008000b64                main
 .text.SystemClock_Config
                0x0000000008000bc8       0x76 ./Core/Src/main.o
                0x0000000008000bc8                SystemClock_Config
 *fill*         0x0000000008000c3e        0x2 
 .text.MX_TIM2_Init
                0x0000000008000c40       0x98 ./Core/Src/main.o
 .text.MX_USART2_UART_Init
                0x0000000008000cd8       0x54 ./Core/Src/main.o
 .text.MX_GPIO_Init
                0x0000000008000d2c       0xf4 ./Core/Src/main.o
 .text.HAL_TIM_PeriodElapsedCallback
                0x0000000008000e20       0x36 ./Core/Src/main.o
                0x0000000008000e20                HAL_TIM_PeriodElapsedCallback
 .text.Error_Handler
                0x0000000008000e56        0xa ./Core/Src/main.o
                0x0000000008000e56                Error_Handler
 .text.HAL_MspInit
                0x0000000008000e60       0x64 ./Core/Src/stm32f1xx_hal_msp.o
                0x0000000008000e60                HAL_MspInit
 .text.HAL_TIM_Base_MspInit
                0x0000000008000ec4       0x48 ./Core/Src/stm32f1xx_hal_msp.o
                0x0000000008000ec4                HAL_TIM_Base_MspInit
 .text.HAL_UART_MspInit
                0x0000000008000f0c       0xa4 ./Core/Src/stm32f1xx_hal_msp.o
                0x0000000008000f0c                HAL_UART_MspInit
 .text.NMI_Handler
                0x0000000008000fb0        0x6 ./Core/Src/stm32f1xx_it.o
                0x0000000008000fb0                NMI_Handler
 .text.HardFault_Handler
                0x0000000008000fb6        0x6 ./Core/Src/stm32f1xx_it.o
                0x0000000008000fb6                HardFault_Handler
 .text.MemManage_Handler
                0x0000000008000fbc        0x6 ./Core/Src/stm32f1xx_it.o
                0x0000000008000fbc                MemManage_Handler
 .text.BusFault_Handler
                0x0000000008000fc2        0x6 ./Core/Src/stm32f1xx_it.o
                0x0000000008000fc2                BusFault_Handler
 .text.UsageFault_Handler
                0x0000000008000fc8        0x6 ./Core/Src/stm32f1xx_it.o
                0x0000000008000fc8                UsageFault_Handler
 .text.SVC_Handler
                0x0000000008000fce        0xc ./Core/Src/stm32f1xx_it.o
                0x0000000008000fce                SVC_Handler
 .text.DebugMon_Handler
                0x0000000008000fda        0xc ./Core/Src/stm32f1xx_it.o
                0x0000000008000fda                DebugMon_Handler
 .text.PendSV_Handler
                0x0000000008000fe6        0xc ./Core/Src/stm32f1xx_it.o
                0x0000000008000fe6                PendSV_Handler
 .text.SysTick_Handler
                0x0000000008000ff2        0xc ./Core/Src/stm32f1xx_it.o
                0x0000000008000ff2                SysTick_Handler
 *fill*         0x0000000008000ffe        0x2 
 .text.TIM2_IRQHandler
                0x0000000008001000       0x14 ./Core/Src/stm32f1xx_it.o
                0x0000000008001000                TIM2_IRQHandler
 .text.USART2_IRQHandler
                0x0000000008001014       0x14 ./Core/Src/stm32f1xx_it.o
                0x0000000008001014                USART2_IRQHandler
 .text.SystemInit
                0x0000000008001028        0xc ./Core/Src/system_stm32f1xx.o
                0x0000000008001028                SystemInit
 .text.setTimer
                0x0000000008001034       0x40 ./Core/Src/timer.o
                0x0000000008001034                setTimer
 .text.timerRun
                0x0000000008001074       0x50 ./Core/Src/timer.o
                0x0000000008001074                timerRun
 .text.Reset_Handler
                0x00000000080010c4       0x48 ./Core/Startup/startup_stm32f103rbtx.o
                0x00000000080010c4                Reset_Handler
 .text.Default_Handler
                0x000000000800110c        0x2 ./Core/Startup/startup_stm32f103rbtx.o
                0x000000000800110c                RTC_Alarm_IRQHandler
                0x000000000800110c                EXTI2_IRQHandler
                0x000000000800110c                TIM1_CC_IRQHandler
                0x000000000800110c                PVD_IRQHandler
                0x000000000800110c                EXTI3_IRQHandler
                0x000000000800110c                EXTI0_IRQHandler
                0x000000000800110c                I2C2_EV_IRQHandler
                0x000000000800110c                ADC1_2_IRQHandler
                0x000000000800110c                SPI1_IRQHandler
                0x000000000800110c                TAMPER_IRQHandler
                0x000000000800110c                DMA1_Channel4_IRQHandler
                0x000000000800110c                USART3_IRQHandler
                0x000000000800110c                RTC_IRQHandler
                0x000000000800110c                DMA1_Channel7_IRQHandler
                0x000000000800110c                CAN1_RX1_IRQHandler
                0x000000000800110c                TIM4_IRQHandler
                0x000000000800110c                I2C1_EV_IRQHandler
                0x000000000800110c                DMA1_Channel6_IRQHandler
                0x000000000800110c                TIM3_IRQHandler
                0x000000000800110c                RCC_IRQHandler
                0x000000000800110c                TIM1_TRG_COM_IRQHandler
                0x000000000800110c                DMA1_Channel1_IRQHandler
                0x000000000800110c                Default_Handler
                0x000000000800110c                EXTI15_10_IRQHandler
                0x000000000800110c                EXTI9_5_IRQHandler
                0x000000000800110c                SPI2_IRQHandler
                0x000000000800110c                DMA1_Channel5_IRQHandler
                0x000000000800110c                EXTI4_IRQHandler
                0x000000000800110c                USB_LP_CAN1_RX0_IRQHandler
                0x000000000800110c                USB_HP_CAN1_TX_IRQHandler
                0x000000000800110c                DMA1_Channel3_IRQHandler
                0x000000000800110c                TIM1_UP_IRQHandler
                0x000000000800110c                WWDG_IRQHandler
                0x000000000800110c                TIM1_BRK_IRQHandler
                0x000000000800110c                EXTI1_IRQHandler
                0x000000000800110c                I2C2_ER_IRQHandler
                0x000000000800110c                DMA1_Channel2_IRQHandler
                0x000000000800110c                CAN1_SCE_IRQHandler
                0x000000000800110c                FLASH_IRQHandler
                0x000000000800110c                USART1_IRQHandler
                0x000000000800110c                I2C1_ER_IRQHandler
                0x000000000800110c                USBWakeUp_IRQHandler
 *fill*         0x000000000800110e        0x2 
 .text.HAL_Init
                0x0000000008001110       0x2c ./Drivers/STM32F1xx_HAL_Driver/Src/stm32f1xx_hal.o
                0x0000000008001110                HAL_Init
 .text.HAL_InitTick
                0x000000000800113c       0x60 ./Drivers/STM32F1xx_HAL_Driver/Src/stm32f1xx_hal.o
                0x000000000800113c                HAL_InitTick
 .text.HAL_IncTick
                0x000000000800119c       0x24 ./Drivers/STM32F1xx_HAL_Driver/Src/stm32f1xx_hal.o
                0x000000000800119c                HAL_IncTick
 .text.HAL_GetTick
                0x00000000080011c0       0x14 ./Drivers/STM32F1xx_HAL_Driver/Src/stm32f1xx_hal.o
                0x00000000080011c0                HAL_GetTick
 .text.__NVIC_SetPriorityGrouping
                0x00000000080011d4       0x48 ./Drivers/STM32F1xx_HAL_Driver/Src/stm32f1xx_hal_cortex.o
 .text.__NVIC_GetPriorityGrouping
                0x000000000800121c       0x1c ./Drivers/STM32F1xx_HAL_Driver/Src/stm32f1xx_hal_cortex.o
 .text.__NVIC_EnableIRQ
                0x0000000008001238       0x38 ./Drivers/STM32F1xx_HAL_Driver/Src/stm32f1xx_hal_cortex.o
 .text.__NVIC_SetPriority
                0x0000000008001270       0x54 ./Drivers/STM32F1xx_HAL_Driver/Src/stm32f1xx_hal_cortex.o
 .text.NVIC_EncodePriority
                0x00000000080012c4       0x64 ./Drivers/STM32F1xx_HAL_Driver/Src/stm32f1xx_hal_cortex.o
 .text.SysTick_Config
                0x0000000008001328       0x44 ./Drivers/STM32F1xx_HAL_Driver/Src/stm32f1xx_hal_cortex.o
 .text.HAL_NVIC_SetPriorityGrouping
                0x000000000800136c       0x16 ./Drivers/STM32F1xx_HAL_Driver/Src/stm32f1xx_hal_cortex.o
                0x000000000800136c                HAL_NVIC_SetPriorityGrouping
 .text.HAL_NVIC_SetPriority
                0x0000000008001382       0x38 ./Drivers/STM32F1xx_HAL_Driver/Src/stm32f1xx_hal_cortex.o
                0x0000000008001382                HAL_NVIC_SetPriority
 .text.HAL_NVIC_EnableIRQ
                0x00000000080013ba       0x1c ./Drivers/STM32F1xx_HAL_Driver/Src/stm32f1xx_hal_cortex.o
                0x00000000080013ba                HAL_NVIC_EnableIRQ
 .text.HAL_SYSTICK_Config
                0x00000000080013d6       0x18 ./Drivers/STM32F1xx_HAL_Driver/Src/stm32f1xx_hal_cortex.o
                0x00000000080013d6                HAL_SYSTICK_Config
 .text.HAL_DMA_Abort
                0x00000000080013ee       0x74 ./Drivers/STM32F1xx_HAL_Driver/Src/stm32f1xx_hal_dma.o
                0x00000000080013ee                HAL_DMA_Abort
 *fill*         0x0000000008001462        0x2 
 .text.HAL_DMA_Abort_IT
                0x0000000008001464       0xec ./Drivers/STM32F1xx_HAL_Driver/Src/stm32f1xx_hal_dma.o
                0x0000000008001464                HAL_DMA_Abort_IT
 .text.HAL_GPIO_Init
                0x0000000008001550      0x308 ./Drivers/STM32F1xx_HAL_Driver/Src/stm32f1xx_hal_gpio.o
                0x0000000008001550                HAL_GPIO_Init
 .text.HAL_GPIO_ReadPin
                0x0000000008001858       0x2e ./Drivers/STM32F1xx_HAL_Driver/Src/stm32f1xx_hal_gpio.o
                0x0000000008001858                HAL_GPIO_ReadPin
 .text.HAL_GPIO_WritePin
                0x0000000008001886       0x30 ./Drivers/STM32F1xx_HAL_Driver/Src/stm32f1xx_hal_gpio.o
                0x0000000008001886                HAL_GPIO_WritePin
 *fill*         0x00000000080018b6        0x2 
 .text.HAL_RCC_OscConfig
                0x00000000080018b8      0x504 ./Drivers/STM32F1xx_HAL_Driver/Src/stm32f1xx_hal_rcc.o
                0x00000000080018b8                HAL_RCC_OscConfig
 .text.HAL_RCC_ClockConfig
                0x0000000008001dbc      0x1d4 ./Drivers/STM32F1xx_HAL_Driver/Src/stm32f1xx_hal_rcc.o
                0x0000000008001dbc                HAL_RCC_ClockConfig
 .text.HAL_RCC_GetSysClockFreq
                0x0000000008001f90       0xbc ./Drivers/STM32F1xx_HAL_Driver/Src/stm32f1xx_hal_rcc.o
                0x0000000008001f90                HAL_RCC_GetSysClockFreq
 .text.HAL_RCC_GetHCLKFreq
                0x000000000800204c       0x14 ./Drivers/STM32F1xx_HAL_Driver/Src/stm32f1xx_hal_rcc.o
                0x000000000800204c                HAL_RCC_GetHCLKFreq
 .text.HAL_RCC_GetPCLK1Freq
                0x0000000008002060       0x28 ./Drivers/STM32F1xx_HAL_Driver/Src/stm32f1xx_hal_rcc.o
                0x0000000008002060                HAL_RCC_GetPCLK1Freq
 .text.HAL_RCC_GetPCLK2Freq
                0x0000000008002088       0x28 ./Drivers/STM32F1xx_HAL_Driver/Src/stm32f1xx_hal_rcc.o
                0x0000000008002088                HAL_RCC_GetPCLK2Freq
 .text.RCC_Delay
                0x00000000080020b0       0x3c ./Drivers/STM32F1xx_HAL_Driver/Src/stm32f1xx_hal_rcc.o
 .text.HAL_TIM_Base_Init
                0x00000000080020ec       0x9e ./Drivers/STM32F1xx_HAL_Driver/Src/stm32f1xx_hal_tim.o
                0x00000000080020ec                HAL_TIM_Base_Init
 *fill*         0x000000000800218a        0x2 
 .text.HAL_TIM_Base_Start_IT
                0x000000000800218c       0xa4 ./Drivers/STM32F1xx_HAL_Driver/Src/stm32f1xx_hal_tim.o
                0x000000000800218c                HAL_TIM_Base_Start_IT
 .text.HAL_TIM_IRQHandler
                0x0000000008002230      0x210 ./Drivers/STM32F1xx_HAL_Driver/Src/stm32f1xx_hal_tim.o
                0x0000000008002230                HAL_TIM_IRQHandler
 .text.HAL_TIM_ConfigClockSource
                0x0000000008002440      0x188 ./Drivers/STM32F1xx_HAL_Driver/Src/stm32f1xx_hal_tim.o
                0x0000000008002440                HAL_TIM_ConfigClockSource
 .text.HAL_TIM_OC_DelayElapsedCallback
                0x00000000080025c8       0x12 ./Drivers/STM32F1xx_HAL_Driver/Src/stm32f1xx_hal_tim.o
                0x00000000080025c8                HAL_TIM_OC_DelayElapsedCallback
 .text.HAL_TIM_IC_CaptureCallback
                0x00000000080025da       0x12 ./Drivers/STM32F1xx_HAL_Driver/Src/stm32f1xx_hal_tim.o
                0x00000000080025da                HAL_TIM_IC_CaptureCallback
 .text.HAL_TIM_PWM_PulseFinishedCallback
                0x00000000080025ec       0x12 ./Drivers/STM32F1xx_HAL_Driver/Src/stm32f1xx_hal_tim.o
                0x00000000080025ec                HAL_TIM_PWM_PulseFinishedCallback
 .text.HAL_TIM_TriggerCallback
                0x00000000080025fe       0x12 ./Drivers/STM32F1xx_HAL_Driver/Src/stm32f1xx_hal_tim.o
                0x00000000080025fe                HAL_TIM_TriggerCallback
 .text.TIM_Base_SetConfig
                0x0000000008002610       0xc4 ./Drivers/STM32F1xx_HAL_Driver/Src/stm32f1xx_hal_tim.o
                0x0000000008002610                TIM_Base_SetConfig
 .text.TIM_TI1_ConfigInputStage
                0x00000000080026d4       0x5c ./Drivers/STM32F1xx_HAL_Driver/Src/stm32f1xx_hal_tim.o
 .text.TIM_TI2_ConfigInputStage
                0x0000000008002730       0x5e ./Drivers/STM32F1xx_HAL_Driver/Src/stm32f1xx_hal_tim.o
 .text.TIM_ITRx_SetConfig
                0x000000000800278e       0x34 ./Drivers/STM32F1xx_HAL_Driver/Src/stm32f1xx_hal_tim.o
 .text.TIM_ETR_SetConfig
                0x00000000080027c2       0x3e ./Drivers/STM32F1xx_HAL_Driver/Src/stm32f1xx_hal_tim.o
                0x00000000080027c2                TIM_ETR_SetConfig
 .text.HAL_TIMEx_MasterConfigSynchronization
                0x0000000008002800       0xbc ./Drivers/STM32F1xx_HAL_Driver/Src/stm32f1xx_hal_tim_ex.o
                0x0000000008002800                HAL_TIMEx_MasterConfigSynchronization
 .text.HAL_TIMEx_CommutCallback
                0x00000000080028bc       0x12 ./Drivers/STM32F1xx_HAL_Driver/Src/stm32f1xx_hal_tim_ex.o
                0x00000000080028bc                HAL_TIMEx_CommutCallback
 .text.HAL_TIMEx_BreakCallback
                0x00000000080028ce       0x12 ./Drivers/STM32F1xx_HAL_Driver/Src/stm32f1xx_hal_tim_ex.o
                0x00000000080028ce                HAL_TIMEx_BreakCallback
 .text.HAL_UART_Init
                0x00000000080028e0       0x9a ./Drivers/STM32F1xx_HAL_Driver/Src/stm32f1xx_hal_uart.o
                0x00000000080028e0                HAL_UART_Init
 .text.HAL_UART_Transmit
                0x000000000800297a      0x124 ./Drivers/STM32F1xx_HAL_Driver/Src/stm32f1xx_hal_uart.o
                0x000000000800297a                HAL_UART_Transmit
 .text.HAL_UART_Receive_IT
                0x0000000008002a9e       0x60 ./Drivers/STM32F1xx_HAL_Driver/Src/stm32f1xx_hal_uart.o
                0x0000000008002a9e                HAL_UART_Receive_IT
 *fill*         0x0000000008002afe        0x2 
 .text.HAL_UART_IRQHandler
                0x0000000008002b00      0x354 ./Drivers/STM32F1xx_HAL_Driver/Src/stm32f1xx_hal_uart.o
                0x0000000008002b00                HAL_UART_IRQHandler
 .text.HAL_UART_TxCpltCallback
                0x0000000008002e54       0x12 ./Drivers/STM32F1xx_HAL_Driver/Src/stm32f1xx_hal_uart.o
                0x0000000008002e54                HAL_UART_TxCpltCallback
 .text.HAL_UART_ErrorCallback
                0x0000000008002e66       0x12 ./Drivers/STM32F1xx_HAL_Driver/Src/stm32f1xx_hal_uart.o
                0x0000000008002e66                HAL_UART_ErrorCallback
 .text.HAL_UARTEx_RxEventCallback
                0x0000000008002e78       0x16 ./Drivers/STM32F1xx_HAL_Driver/Src/stm32f1xx_hal_uart.o
                0x0000000008002e78                HAL_UARTEx_RxEventCallback
 .text.UART_WaitOnFlagUntilTimeout
                0x0000000008002e8e       0x94 ./Drivers/STM32F1xx_HAL_Driver/Src/stm32f1xx_hal_uart.o
 .text.UART_Start_Receive_IT
                0x0000000008002f22       0x72 ./Drivers/STM32F1xx_HAL_Driver/Src/stm32f1xx_hal_uart.o
                0x0000000008002f22                UART_Start_Receive_IT
 .text.UART_EndRxTransfer
                0x0000000008002f94       0x58 ./Drivers/STM32F1xx_HAL_Driver/Src/stm32f1xx_hal_uart.o
 .text.UART_DMAAbortOnError
                0x0000000008002fec       0x28 ./Drivers/STM32F1xx_HAL_Driver/Src/stm32f1xx_hal_uart.o
 .text.UART_Transmit_IT
                0x0000000008003014       0x9e ./Drivers/STM32F1xx_HAL_Driver/Src/stm32f1xx_hal_uart.o
 .text.UART_EndTransmit_IT
                0x00000000080030b2       0x30 ./Drivers/STM32F1xx_HAL_Driver/Src/stm32f1xx_hal_uart.o
 .text.UART_Receive_IT
                0x00000000080030e2      0x152 ./Drivers/STM32F1xx_HAL_Driver/Src/stm32f1xx_hal_uart.o
 .text.UART_SetConfig
                0x0000000008003234      0x11c ./Drivers/STM32F1xx_HAL_Driver/Src/stm32f1xx_hal_uart.o
 .text.__libc_init_array
                0x0000000008003350       0x48 c:/st/stm32cubeide_1.7.0/stm32cubeide/plugins/com.st.stm32cube.ide.mcu.externaltools.gnu-tools-for-stm32.10.3-2021.10.win32_1.0.100.202210260954/tools/bin/../lib/gcc/arm-none-eabi/10.3.1/../../../../arm-none-eabi/lib/thumb/v7-m/nofp\libc_nano.a(lib_a-init.o)
                0x0000000008003350                __libc_init_array
 .text.memset   0x0000000008003398       0x10 c:/st/stm32cubeide_1.7.0/stm32cubeide/plugins/com.st.stm32cube.ide.mcu.externaltools.gnu-tools-for-stm32.10.3-2021.10.win32_1.0.100.202210260954/tools/bin/../lib/gcc/arm-none-eabi/10.3.1/../../../../arm-none-eabi/lib/thumb/v7-m/nofp\libc_nano.a(lib_a-memset.o)
                0x0000000008003398                memset
 *(.glue_7)
 .glue_7        0x00000000080033a8        0x0 linker stubs
 *(.glue_7t)
 .glue_7t       0x00000000080033a8        0x0 linker stubs
 *(.eh_frame)
 .eh_frame      0x00000000080033a8        0x0 c:/st/stm32cubeide_1.7.0/stm32cubeide/plugins/com.st.stm32cube.ide.mcu.externaltools.gnu-tools-for-stm32.10.3-2021.10.win32_1.0.100.202210260954/tools/bin/../lib/gcc/arm-none-eabi/10.3.1/thumb/v7-m/nofp/crtbegin.o
 *(.init)
 .init          0x00000000080033a8        0x4 c:/st/stm32cubeide_1.7.0/stm32cubeide/plugins/com.st.stm32cube.ide.mcu.externaltools.gnu-tools-for-stm32.10.3-2021.10.win32_1.0.100.202210260954/tools/bin/../lib/gcc/arm-none-eabi/10.3.1/thumb/v7-m/nofp/crti.o
                0x00000000080033a8                _init
 .init          0x00000000080033ac        0x8 c:/st/stm32cubeide_1.7.0/stm32cubeide/plugins/com.st.stm32cube.ide.mcu.externaltools.gnu-tools-for-stm32.10.3-2021.10.win32_1.0.100.202210260954/tools/bin/../lib/gcc/arm-none-eabi/10.3.1/thumb/v7-m/nofp/crtn.o
 *(.fini)
 .fini          0x00000000080033b4        0x4 c:/st/stm32cubeide_1.7.0/stm32cubeide/plugins/com.st.stm32cube.ide.mcu.externaltools.gnu-tools-for-stm32.10.3-2021.10.win32_1.0.100.202210260954/tools/bin/../lib/gcc/arm-none-eabi/10.3.1/thumb/v7-m/nofp/crti.o
                0x00000000080033b4                _fini
 .fini          0x00000000080033b8        0x8 c:/st/stm32cubeide_1.7.0/stm32cubeide/plugins/com.st.stm32cube.ide.mcu.externaltools.gnu-tools-for-stm32.10.3-2021.10.win32_1.0.100.202210260954/tools/bin/../lib/gcc/arm-none-eabi/10.3.1/thumb/v7-m/nofp/crtn.o
                0x00000000080033c0                . = ALIGN (0x4)
                0x00000000080033c0                _etext = .

.vfp11_veneer   0x00000000080033c0        0x0
 .vfp11_veneer  0x00000000080033c0        0x0 linker stubs

.v4_bx          0x00000000080033c0        0x0
 .v4_bx         0x00000000080033c0        0x0 linker stubs

.iplt           0x00000000080033c0        0x0
 .iplt          0x00000000080033c0        0x0 c:/st/stm32cubeide_1.7.0/stm32cubeide/plugins/com.st.stm32cube.ide.mcu.externaltools.gnu-tools-for-stm32.10.3-2021.10.win32_1.0.100.202210260954/tools/bin/../lib/gcc/arm-none-eabi/10.3.1/thumb/v7-m/nofp/crtbegin.o

.rodata         0x00000000080033c0       0x34
                0x00000000080033c0                . = ALIGN (0x4)
 *(.rodata)
 .rodata        0x00000000080033c0        0xc ./Core/Src/main.o
 .rodata        0x00000000080033cc       0x10 ./Drivers/STM32F1xx_HAL_Driver/Src/stm32f1xx_hal_rcc.o
 *(.rodata*)
 .rodata.AHBPrescTable
                0x00000000080033dc       0x10 ./Core/Src/system_stm32f1xx.o
                0x00000000080033dc                AHBPrescTable
 .rodata.APBPrescTable
                0x00000000080033ec        0x8 ./Core/Src/system_stm32f1xx.o
                0x00000000080033ec                APBPrescTable
                0x00000000080033f4                . = ALIGN (0x4)

.rel.dyn        0x00000000080033f4        0x0
 .rel.iplt      0x00000000080033f4        0x0 c:/st/stm32cubeide_1.7.0/stm32cubeide/plugins/com.st.stm32cube.ide.mcu.externaltools.gnu-tools-for-stm32.10.3-2021.10.win32_1.0.100.202210260954/tools/bin/../lib/gcc/arm-none-eabi/10.3.1/thumb/v7-m/nofp/crtbegin.o

.ARM.extab      0x00000000080033f4        0x0
                0x00000000080033f4                . = ALIGN (0x4)
 *(.ARM.extab* .gnu.linkonce.armextab.*)
                0x00000000080033f4                . = ALIGN (0x4)

.ARM            0x00000000080033f4        0x0
                0x00000000080033f4                . = ALIGN (0x4)
                0x00000000080033f4                __exidx_start = .
 *(.ARM.exidx*)
                0x00000000080033f4                __exidx_end = .
                0x00000000080033f4                . = ALIGN (0x4)

.preinit_array  0x00000000080033f4        0x0
                0x00000000080033f4                . = ALIGN (0x4)
                0x00000000080033f4                PROVIDE (__preinit_array_start = .)
 *(.preinit_array*)
                0x00000000080033f4                PROVIDE (__preinit_array_end = .)
                0x00000000080033f4                . = ALIGN (0x4)

.init_array     0x00000000080033f4        0x4
                0x00000000080033f4                . = ALIGN (0x4)
                0x00000000080033f4                PROVIDE (__init_array_start = .)
 *(SORT_BY_NAME(.init_array.*))
 *(.init_array*)
 .init_array    0x00000000080033f4        0x4 c:/st/stm32cubeide_1.7.0/stm32cubeide/plugins/com.st.stm32cube.ide.mcu.externaltools.gnu-tools-for-stm32.10.3-2021.10.win32_1.0.100.202210260954/tools/bin/../lib/gcc/arm-none-eabi/10.3.1/thumb/v7-m/nofp/crtbegin.o
                0x00000000080033f8                PROVIDE (__init_array_end = .)
                0x00000000080033f8                . = ALIGN (0x4)

.fini_array     0x00000000080033f8        0x4
                0x00000000080033f8                . = ALIGN (0x4)
                [!provide]                        PROVIDE (__fini_array_start = .)
 *(SORT_BY_NAME(.fini_array.*))
 *(.fini_array*)
 .fini_array    0x00000000080033f8        0x4 c:/st/stm32cubeide_1.7.0/stm32cubeide/plugins/com.st.stm32cube.ide.mcu.externaltools.gnu-tools-for-stm32.10.3-2021.10.win32_1.0.100.202210260954/tools/bin/../lib/gcc/arm-none-eabi/10.3.1/thumb/v7-m/nofp/crtbegin.o
                [!provide]                        PROVIDE (__fini_array_end = .)
                0x00000000080033fc                . = ALIGN (0x4)
                0x00000000080033fc                _sidata = LOADADDR (.data)

.data           0x0000000020000000       0x68 load address 0x00000000080033fc
                0x0000000020000000                . = ALIGN (0x4)
                0x0000000020000000                _sdata = .
 *(.data)
 *(.data*)
 .data.buttonPort
                0x0000000020000000       0x10 ./Core/Src/button.o
                0x0000000020000000                buttonPort
 .data.buttonPin
                0x0000000020000010        0x8 ./Core/Src/button.o
                0x0000000020000010                buttonPin
 .data.buttonBuffer
                0x0000000020000018        0x4 ./Core/Src/button.o
                0x0000000020000018                buttonBuffer
 .data.ButtonBuffer0
                0x000000002000001c        0x4 ./Core/Src/button.o
                0x000000002000001c                ButtonBuffer0
 .data.ButtonBuffer1
                0x0000000020000020        0x4 ./Core/Src/button.o
                0x0000000020000020                ButtonBuffer1
 .data.ButtonBuffer2
                0x0000000020000024        0x4 ./Core/Src/button.o
                0x0000000020000024                ButtonBuffer2
 .data.State    0x0000000020000028        0x1 ./Core/Src/fsm_button_processing.o
                0x0000000020000028                State
 *fill*         0x0000000020000029        0x3 
 .data.trafficTime
                0x000000002000002c        0xc ./Core/Src/fsm_button_processing.o
                0x000000002000002c                trafficTime
 .data.LedPortVER
                0x0000000020000038        0x8 ./Core/Src/fsm_trafficlight.o
                0x0000000020000038                LedPortVER
 .data.LedPortHOR
                0x0000000020000040        0x8 ./Core/Src/fsm_trafficlight.o
                0x0000000020000040                LedPortHOR
 .data.LedPinVER
                0x0000000020000048        0x4 ./Core/Src/fsm_trafficlight.o
                0x0000000020000048                LedPinVER
 .data.LedPinHOR
                0x000000002000004c        0x4 ./Core/Src/fsm_trafficlight.o
                0x000000002000004c                LedPinHOR
 .data.LedPortPedes
                0x0000000020000050        0x8 ./Core/Src/fsm_trafficlight.o
                0x0000000020000050                LedPortPedes
 .data.LedPinPedes
                0x0000000020000058        0x4 ./Core/Src/fsm_trafficlight.o
                0x0000000020000058                LedPinPedes
 .data.SystemCoreClock
                0x000000002000005c        0x4 ./Core/Src/system_stm32f1xx.o
                0x000000002000005c                SystemCoreClock
 .data.uwTickPrio
                0x0000000020000060        0x4 ./Drivers/STM32F1xx_HAL_Driver/Src/stm32f1xx_hal.o
                0x0000000020000060                uwTickPrio
 .data.uwTickFreq
                0x0000000020000064        0x1 ./Drivers/STM32F1xx_HAL_Driver/Src/stm32f1xx_hal.o
                0x0000000020000064                uwTickFreq
 *(.RamFunc)
 *(.RamFunc*)
                0x0000000020000068                . = ALIGN (0x4)
 *fill*         0x0000000020000065        0x3 
                0x0000000020000068                _edata = .

.igot.plt       0x0000000020000068        0x0 load address 0x0000000008003464
 .igot.plt      0x0000000020000068        0x0 c:/st/stm32cubeide_1.7.0/stm32cubeide/plugins/com.st.stm32cube.ide.mcu.externaltools.gnu-tools-for-stm32.10.3-2021.10.win32_1.0.100.202210260954/tools/bin/../lib/gcc/arm-none-eabi/10.3.1/thumb/v7-m/nofp/crtbegin.o
                0x0000000020000068                . = ALIGN (0x4)

.bss            0x0000000020000068      0x148 load address 0x0000000008003464
                0x0000000020000068                _sbss = .
                0x0000000020000068                __bss_start__ = _sbss
 *(.bss)
 .bss           0x0000000020000068       0x1c c:/st/stm32cubeide_1.7.0/stm32cubeide/plugins/com.st.stm32cube.ide.mcu.externaltools.gnu-tools-for-stm32.10.3-2021.10.win32_1.0.100.202210260954/tools/bin/../lib/gcc/arm-none-eabi/10.3.1/thumb/v7-m/nofp/crtbegin.o
 *(.bss*)
 .bss.flagButtonPressed
                0x0000000020000084       0x10 ./Core/Src/button.o
                0x0000000020000084                flagButtonPressed
 .bss.flagButtonHold
                0x0000000020000094       0x10 ./Core/Src/button.o
                0x0000000020000094                flagButtonHold
 .bss.counterButtonHold
                0x00000000200000a4       0x10 ./Core/Src/button.o
                0x00000000200000a4                counterButtonHold
 .bss.temp      0x00000000200000b4        0x1 ./Core/Src/command_parser_fsm.o
                0x00000000200000b4                temp
 .bss.statusBTN
                0x00000000200000b5        0x1 ./Core/Src/fsm_button_processing.o
                0x00000000200000b5                statusBTN
 .bss.changeTimeState
                0x00000000200000b6        0x1 ./Core/Src/fsm_button_processing.o
                0x00000000200000b6                changeTimeState
 .bss.manualDisplay
                0x00000000200000b7        0x1 ./Core/Src/fsm_button_processing.o
                0x00000000200000b7                manualDisplay
 .bss.trafficRealTime
                0x00000000200000b8        0xc ./Core/Src/fsm_button_processing.o
                0x00000000200000b8                trafficRealTime
 .bss.indexOfLight
                0x00000000200000c4        0x4 ./Core/Src/fsm_button_processing.o
                0x00000000200000c4                indexOfLight
 .bss.flag      0x00000000200000c8        0x4 ./Core/Src/fsm_button_processing.o
                0x00000000200000c8                flag
 .bss.currentStateVER
                0x00000000200000cc        0x1 ./Core/Src/fsm_trafficlight.o
                0x00000000200000cc                currentStateVER
 .bss.currentStateHOR
                0x00000000200000cd        0x1 ./Core/Src/fsm_trafficlight.o
                0x00000000200000cd                currentStateHOR
 .bss.blink     0x00000000200000ce        0x1 ./Core/Src/fsm_trafficlight.o
                0x00000000200000ce                blink
 *fill*         0x00000000200000cf        0x1 
 .bss.htim2     0x00000000200000d0       0x48 ./Core/Src/main.o
                0x00000000200000d0                htim2
 .bss.huart2    0x0000000020000118       0x44 ./Core/Src/main.o
                0x0000000020000118                huart2
 .bss.buffer    0x000000002000015c       0x1e ./Core/Src/main.o
                0x000000002000015c                buffer
 .bss.index_buffer
                0x000000002000017a        0x1 ./Core/Src/main.o
                0x000000002000017a                index_buffer
 .bss.buffer_flag
                0x000000002000017b        0x1 ./Core/Src/main.o
                0x000000002000017b                buffer_flag
 .bss.timer_flag
                0x000000002000017c       0x18 ./Core/Src/timer.o
                0x000000002000017c                timer_flag
 .bss.timer_counter
                0x0000000020000194       0x18 ./Core/Src/timer.o
                0x0000000020000194                timer_counter
 .bss.uwTick    0x00000000200001ac        0x4 ./Drivers/STM32F1xx_HAL_Driver/Src/stm32f1xx_hal.o
                0x00000000200001ac                uwTick
 *(COMMON)
                0x00000000200001b0                . = ALIGN (0x4)
                0x00000000200001b0                _ebss = .
                0x00000000200001b0                __bss_end__ = _ebss

._user_heap_stack
                0x00000000200001b0      0x600 load address 0x0000000008003464
                0x00000000200001b0                . = ALIGN (0x8)
                [!provide]                        PROVIDE (end = .)
                0x00000000200001b0                PROVIDE (_end = .)
                0x00000000200003b0                . = (. + _Min_Heap_Size)
 *fill*         0x00000000200001b0      0x200 
                0x00000000200007b0                . = (. + _Min_Stack_Size)
 *fill*         0x00000000200003b0      0x400 
                0x00000000200007b0                . = ALIGN (0x8)

/DISCARD/
 libc.a(*)
 libm.a(*)
 libgcc.a(*)

.ARM.attributes
                0x0000000000000000       0x29
 *(.ARM.attributes)
 .ARM.attributes
                0x0000000000000000       0x1d c:/st/stm32cubeide_1.7.0/stm32cubeide/plugins/com.st.stm32cube.ide.mcu.externaltools.gnu-tools-for-stm32.10.3-2021.10.win32_1.0.100.202210260954/tools/bin/../lib/gcc/arm-none-eabi/10.3.1/thumb/v7-m/nofp/crti.o
 .ARM.attributes
                0x000000000000001d       0x2d c:/st/stm32cubeide_1.7.0/stm32cubeide/plugins/com.st.stm32cube.ide.mcu.externaltools.gnu-tools-for-stm32.10.3-2021.10.win32_1.0.100.202210260954/tools/bin/../lib/gcc/arm-none-eabi/10.3.1/thumb/v7-m/nofp/crtbegin.o
 .ARM.attributes
                0x000000000000004a       0x2d ./Core/Src/button.o
 .ARM.attributes
                0x0000000000000077       0x2d ./Core/Src/command_parser_fsm.o
 .ARM.attributes
                0x00000000000000a4       0x2d ./Core/Src/fsm_button_processing.o
 .ARM.attributes
                0x00000000000000d1       0x2d ./Core/Src/fsm_trafficlight.o
 .ARM.attributes
                0x00000000000000fe       0x2d ./Core/Src/main.o
 .ARM.attributes
                0x000000000000012b       0x2d ./Core/Src/stm32f1xx_hal_msp.o
 .ARM.attributes
                0x0000000000000158       0x2d ./Core/Src/stm32f1xx_it.o
 .ARM.attributes
                0x0000000000000185       0x2d ./Core/Src/system_stm32f1xx.o
 .ARM.attributes
                0x00000000000001b2       0x2d ./Core/Src/timer.o
 .ARM.attributes
                0x00000000000001df       0x21 ./Core/Startup/startup_stm32f103rbtx.o
 .ARM.attributes
                0x0000000000000200       0x2d ./Drivers/STM32F1xx_HAL_Driver/Src/stm32f1xx_hal.o
 .ARM.attributes
                0x000000000000022d       0x2d ./Drivers/STM32F1xx_HAL_Driver/Src/stm32f1xx_hal_cortex.o
 .ARM.attributes
                0x000000000000025a       0x2d ./Drivers/STM32F1xx_HAL_Driver/Src/stm32f1xx_hal_dma.o
 .ARM.attributes
                0x0000000000000287       0x2d ./Drivers/STM32F1xx_HAL_Driver/Src/stm32f1xx_hal_gpio.o
 .ARM.attributes
                0x00000000000002b4       0x2d ./Drivers/STM32F1xx_HAL_Driver/Src/stm32f1xx_hal_rcc.o
 .ARM.attributes
                0x00000000000002e1       0x2d ./Drivers/STM32F1xx_HAL_Driver/Src/stm32f1xx_hal_tim.o
 .ARM.attributes
                0x000000000000030e       0x2d ./Drivers/STM32F1xx_HAL_Driver/Src/stm32f1xx_hal_tim_ex.o
 .ARM.attributes
                0x000000000000033b       0x2d ./Drivers/STM32F1xx_HAL_Driver/Src/stm32f1xx_hal_uart.o
 .ARM.attributes
                0x0000000000000368       0x2d c:/st/stm32cubeide_1.7.0/stm32cubeide/plugins/com.st.stm32cube.ide.mcu.externaltools.gnu-tools-for-stm32.10.3-2021.10.win32_1.0.100.202210260954/tools/bin/../lib/gcc/arm-none-eabi/10.3.1/../../../../arm-none-eabi/lib/thumb/v7-m/nofp\libc_nano.a(lib_a-init.o)
 .ARM.attributes
                0x0000000000000395       0x2d c:/st/stm32cubeide_1.7.0/stm32cubeide/plugins/com.st.stm32cube.ide.mcu.externaltools.gnu-tools-for-stm32.10.3-2021.10.win32_1.0.100.202210260954/tools/bin/../lib/gcc/arm-none-eabi/10.3.1/../../../../arm-none-eabi/lib/thumb/v7-m/nofp\libc_nano.a(lib_a-memset.o)
 .ARM.attributes
                0x00000000000003c2       0x1d c:/st/stm32cubeide_1.7.0/stm32cubeide/plugins/com.st.stm32cube.ide.mcu.externaltools.gnu-tools-for-stm32.10.3-2021.10.win32_1.0.100.202210260954/tools/bin/../lib/gcc/arm-none-eabi/10.3.1/thumb/v7-m/nofp/crtn.o
OUTPUT(Project.elf elf32-littlearm)
LOAD linker stubs
LOAD c:/st/stm32cubeide_1.7.0/stm32cubeide/plugins/com.st.stm32cube.ide.mcu.externaltools.gnu-tools-for-stm32.10.3-2021.10.win32_1.0.100.202210260954/tools/bin/../lib/gcc/arm-none-eabi/10.3.1/../../../../arm-none-eabi/lib/thumb/v7-m/nofp\libc.a
LOAD c:/st/stm32cubeide_1.7.0/stm32cubeide/plugins/com.st.stm32cube.ide.mcu.externaltools.gnu-tools-for-stm32.10.3-2021.10.win32_1.0.100.202210260954/tools/bin/../lib/gcc/arm-none-eabi/10.3.1/../../../../arm-none-eabi/lib/thumb/v7-m/nofp\libm.a
LOAD c:/st/stm32cubeide_1.7.0/stm32cubeide/plugins/com.st.stm32cube.ide.mcu.externaltools.gnu-tools-for-stm32.10.3-2021.10.win32_1.0.100.202210260954/tools/bin/../lib/gcc/arm-none-eabi/10.3.1/thumb/v7-m/nofp\libgcc.a

.debug_info     0x0000000000000000     0xb22d
 .debug_info    0x0000000000000000      0x2e6 ./Core/Src/button.o
 .debug_info    0x00000000000002e6      0x151 ./Core/Src/command_parser_fsm.o
 .debug_info    0x0000000000000437      0x2fb ./Core/Src/fsm_button_processing.o
 .debug_info    0x0000000000000732      0x3f4 ./Core/Src/fsm_trafficlight.o
 .debug_info    0x0000000000000b26      0xfc2 ./Core/Src/main.o
 .debug_info    0x0000000000001ae8      0xd82 ./Core/Src/stm32f1xx_hal_msp.o
 .debug_info    0x000000000000286a      0x989 ./Core/Src/stm32f1xx_it.o
 .debug_info    0x00000000000031f3      0x23d ./Core/Src/system_stm32f1xx.o
 .debug_info    0x0000000000003430      0x10a ./Core/Src/timer.o
 .debug_info    0x000000000000353a       0x22 ./Core/Startup/startup_stm32f103rbtx.o
 .debug_info    0x000000000000355c      0x734 ./Drivers/STM32F1xx_HAL_Driver/Src/stm32f1xx_hal.o
 .debug_info    0x0000000000003c90      0xb20 ./Drivers/STM32F1xx_HAL_Driver/Src/stm32f1xx_hal_cortex.o
 .debug_info    0x00000000000047b0      0x73f ./Drivers/STM32F1xx_HAL_Driver/Src/stm32f1xx_hal_dma.o
 .debug_info    0x0000000000004eef      0x615 ./Drivers/STM32F1xx_HAL_Driver/Src/stm32f1xx_hal_gpio.o
 .debug_info    0x0000000000005504      0x860 ./Drivers/STM32F1xx_HAL_Driver/Src/stm32f1xx_hal_rcc.o
 .debug_info    0x0000000000005d64     0x29de ./Drivers/STM32F1xx_HAL_Driver/Src/stm32f1xx_hal_tim.o
 .debug_info    0x0000000000008742     0x1513 ./Drivers/STM32F1xx_HAL_Driver/Src/stm32f1xx_hal_tim_ex.o
 .debug_info    0x0000000000009c55     0x15d8 ./Drivers/STM32F1xx_HAL_Driver/Src/stm32f1xx_hal_uart.o

.debug_abbrev   0x0000000000000000     0x1fec
 .debug_abbrev  0x0000000000000000      0x14e ./Core/Src/button.o
 .debug_abbrev  0x000000000000014e       0xbb ./Core/Src/command_parser_fsm.o
 .debug_abbrev  0x0000000000000209      0x156 ./Core/Src/fsm_button_processing.o
 .debug_abbrev  0x000000000000035f      0x1a0 ./Core/Src/fsm_trafficlight.o
 .debug_abbrev  0x00000000000004ff      0x319 ./Core/Src/main.o
 .debug_abbrev  0x0000000000000818      0x1c5 ./Core/Src/stm32f1xx_hal_msp.o
 .debug_abbrev  0x00000000000009dd      0x184 ./Core/Src/stm32f1xx_it.o
 .debug_abbrev  0x0000000000000b61      0x13b ./Core/Src/system_stm32f1xx.o
 .debug_abbrev  0x0000000000000c9c       0xbb ./Core/Src/timer.o
 .debug_abbrev  0x0000000000000d57       0x12 ./Core/Startup/startup_stm32f103rbtx.o
 .debug_abbrev  0x0000000000000d69      0x1fb ./Drivers/STM32F1xx_HAL_Driver/Src/stm32f1xx_hal.o
 .debug_abbrev  0x0000000000000f64      0x2ed ./Drivers/STM32F1xx_HAL_Driver/Src/stm32f1xx_hal_cortex.o
 .debug_abbrev  0x0000000000001251      0x1fe ./Drivers/STM32F1xx_HAL_Driver/Src/stm32f1xx_hal_dma.o
 .debug_abbrev  0x000000000000144f      0x1bb ./Drivers/STM32F1xx_HAL_Driver/Src/stm32f1xx_hal_gpio.o
 .debug_abbrev  0x000000000000160a      0x2a8 ./Drivers/STM32F1xx_HAL_Driver/Src/stm32f1xx_hal_rcc.o
 .debug_abbrev  0x00000000000018b2      0x25d ./Drivers/STM32F1xx_HAL_Driver/Src/stm32f1xx_hal_tim.o
 .debug_abbrev  0x0000000000001b0f      0x265 ./Drivers/STM32F1xx_HAL_Driver/Src/stm32f1xx_hal_tim_ex.o
 .debug_abbrev  0x0000000000001d74      0x278 ./Drivers/STM32F1xx_HAL_Driver/Src/stm32f1xx_hal_uart.o

.debug_aranges  0x0000000000000000      0xce0
 .debug_aranges
                0x0000000000000000       0x30 ./Core/Src/button.o
 .debug_aranges
                0x0000000000000030       0x20 ./Core/Src/command_parser_fsm.o
 .debug_aranges
                0x0000000000000050       0x38 ./Core/Src/fsm_button_processing.o
 .debug_aranges
                0x0000000000000088       0x58 ./Core/Src/fsm_trafficlight.o
 .debug_aranges
                0x00000000000000e0       0x58 ./Core/Src/main.o
 .debug_aranges
                0x0000000000000138       0x40 ./Core/Src/stm32f1xx_hal_msp.o
 .debug_aranges
                0x0000000000000178       0x70 ./Core/Src/stm32f1xx_it.o
 .debug_aranges
                0x00000000000001e8       0x28 ./Core/Src/system_stm32f1xx.o
 .debug_aranges
                0x0000000000000210       0x28 ./Core/Src/timer.o
 .debug_aranges
                0x0000000000000238       0x28 ./Core/Startup/startup_stm32f103rbtx.o
 .debug_aranges
                0x0000000000000260       0xe0 ./Drivers/STM32F1xx_HAL_Driver/Src/stm32f1xx_hal.o
 .debug_aranges
                0x0000000000000340      0x100 ./Drivers/STM32F1xx_HAL_Driver/Src/stm32f1xx_hal_cortex.o
 .debug_aranges
                0x0000000000000440       0x80 ./Drivers/STM32F1xx_HAL_Driver/Src/stm32f1xx_hal_dma.o
 .debug_aranges
                0x00000000000004c0       0x58 ./Drivers/STM32F1xx_HAL_Driver/Src/stm32f1xx_hal_gpio.o
 .debug_aranges
                0x0000000000000518       0x90 ./Drivers/STM32F1xx_HAL_Driver/Src/stm32f1xx_hal_rcc.o
 .debug_aranges
                0x00000000000005a8      0x3d0 ./Drivers/STM32F1xx_HAL_Driver/Src/stm32f1xx_hal_tim.o
 .debug_aranges
                0x0000000000000978      0x168 ./Drivers/STM32F1xx_HAL_Driver/Src/stm32f1xx_hal_tim_ex.o
 .debug_aranges
                0x0000000000000ae0      0x200 ./Drivers/STM32F1xx_HAL_Driver/Src/stm32f1xx_hal_uart.o

.debug_ranges   0x0000000000000000      0xbf8
 .debug_ranges  0x0000000000000000       0x20 ./Core/Src/button.o
 .debug_ranges  0x0000000000000020       0x10 ./Core/Src/command_parser_fsm.o
 .debug_ranges  0x0000000000000030       0x28 ./Core/Src/fsm_button_processing.o
 .debug_ranges  0x0000000000000058       0x48 ./Core/Src/fsm_trafficlight.o
 .debug_ranges  0x00000000000000a0       0x48 ./Core/Src/main.o
 .debug_ranges  0x00000000000000e8       0x30 ./Core/Src/stm32f1xx_hal_msp.o
 .debug_ranges  0x0000000000000118       0x60 ./Core/Src/stm32f1xx_it.o
 .debug_ranges  0x0000000000000178       0x18 ./Core/Src/system_stm32f1xx.o
 .debug_ranges  0x0000000000000190       0x18 ./Core/Src/timer.o
 .debug_ranges  0x00000000000001a8       0x20 ./Core/Startup/startup_stm32f103rbtx.o
 .debug_ranges  0x00000000000001c8       0xd0 ./Drivers/STM32F1xx_HAL_Driver/Src/stm32f1xx_hal.o
 .debug_ranges  0x0000000000000298       0xf0 ./Drivers/STM32F1xx_HAL_Driver/Src/stm32f1xx_hal_cortex.o
 .debug_ranges  0x0000000000000388       0x70 ./Drivers/STM32F1xx_HAL_Driver/Src/stm32f1xx_hal_dma.o
 .debug_ranges  0x00000000000003f8       0x48 ./Drivers/STM32F1xx_HAL_Driver/Src/stm32f1xx_hal_gpio.o
 .debug_ranges  0x0000000000000440       0x80 ./Drivers/STM32F1xx_HAL_Driver/Src/stm32f1xx_hal_rcc.o
 .debug_ranges  0x00000000000004c0      0x3c0 ./Drivers/STM32F1xx_HAL_Driver/Src/stm32f1xx_hal_tim.o
 .debug_ranges  0x0000000000000880      0x158 ./Drivers/STM32F1xx_HAL_Driver/Src/stm32f1xx_hal_tim_ex.o
 .debug_ranges  0x00000000000009d8      0x220 ./Drivers/STM32F1xx_HAL_Driver/Src/stm32f1xx_hal_uart.o

.debug_macro    0x0000000000000000    0x182a9
 .debug_macro   0x0000000000000000      0x1dd ./Core/Src/button.o
 .debug_macro   0x00000000000001dd      0xa6c ./Core/Src/button.o
 .debug_macro   0x0000000000000c49      0x21b ./Core/Src/button.o
 .debug_macro   0x0000000000000e64       0x2e ./Core/Src/button.o
 .debug_macro   0x0000000000000e92       0x22 ./Core/Src/button.o
 .debug_macro   0x0000000000000eb4       0x22 ./Core/Src/button.o
 .debug_macro   0x0000000000000ed6       0x8e ./Core/Src/button.o
 .debug_macro   0x0000000000000f64       0x51 ./Core/Src/button.o
 .debug_macro   0x0000000000000fb5      0x103 ./Core/Src/button.o
 .debug_macro   0x00000000000010b8       0x6a ./Core/Src/button.o
 .debug_macro   0x0000000000001122      0x1df ./Core/Src/button.o
 .debug_macro   0x0000000000001301       0x1c ./Core/Src/button.o
 .debug_macro   0x000000000000131d       0x22 ./Core/Src/button.o
 .debug_macro   0x000000000000133f       0xbd ./Core/Src/button.o
 .debug_macro   0x00000000000013fc      0xd23 ./Core/Src/button.o
 .debug_macro   0x000000000000211f     0xe09e ./Core/Src/button.o
 .debug_macro   0x00000000000101bd       0x6d ./Core/Src/button.o
 .debug_macro   0x000000000001022a     0x3468 ./Core/Src/button.o
 .debug_macro   0x0000000000013692      0x174 ./Core/Src/button.o
 .debug_macro   0x0000000000013806       0x5c ./Core/Src/button.o
 .debug_macro   0x0000000000013862      0x5be ./Core/Src/button.o
 .debug_macro   0x0000000000013e20      0x289 ./Core/Src/button.o
 .debug_macro   0x00000000000140a9      0x1cb ./Core/Src/button.o
 .debug_macro   0x0000000000014274      0x114 ./Core/Src/button.o
 .debug_macro   0x0000000000014388      0x1b2 ./Core/Src/button.o
 .debug_macro   0x000000000001453a       0x27 ./Core/Src/button.o
 .debug_macro   0x0000000000014561      0x136 ./Core/Src/button.o
 .debug_macro   0x0000000000014697      0x1bc ./Core/Src/button.o
 .debug_macro   0x0000000000014853       0x34 ./Core/Src/button.o
 .debug_macro   0x0000000000014887       0x3c ./Core/Src/button.o
 .debug_macro   0x00000000000148c3       0x57 ./Core/Src/button.o
 .debug_macro   0x000000000001491a       0x88 ./Core/Src/button.o
 .debug_macro   0x00000000000149a2      0x241 ./Core/Src/button.o
 .debug_macro   0x0000000000014be3      0x141 ./Core/Src/button.o
 .debug_macro   0x0000000000014d24      0x8d1 ./Core/Src/button.o
 .debug_macro   0x00000000000155f5      0x279 ./Core/Src/button.o
 .debug_macro   0x000000000001586e       0x83 ./Core/Src/button.o
 .debug_macro   0x00000000000158f1       0x88 ./Core/Src/button.o
 .debug_macro   0x0000000000015979       0x16 ./Core/Src/button.o
 .debug_macro   0x000000000001598f      0x1ce ./Core/Src/command_parser_fsm.o
 .debug_macro   0x0000000000015b5d       0x10 ./Core/Src/command_parser_fsm.o
 .debug_macro   0x0000000000015b6d       0x10 ./Core/Src/command_parser_fsm.o
 .debug_macro   0x0000000000015b7d      0x1f4 ./Core/Src/fsm_button_processing.o
 .debug_macro   0x0000000000015d71       0x34 ./Core/Src/fsm_button_processing.o
 .debug_macro   0x0000000000015da5      0x1dc ./Core/Src/fsm_trafficlight.o
 .debug_macro   0x0000000000015f81       0x2e ./Core/Src/fsm_trafficlight.o
 .debug_macro   0x0000000000015faf      0x38a ./Core/Src/main.o
 .debug_macro   0x0000000000016339       0x52 ./Core/Src/main.o
 .debug_macro   0x000000000001638b       0x18 ./Core/Src/main.o
 .debug_macro   0x00000000000163a3       0x3c ./Core/Src/main.o
 .debug_macro   0x00000000000163df       0x34 ./Core/Src/main.o
 .debug_macro   0x0000000000016413       0x16 ./Core/Src/main.o
 .debug_macro   0x0000000000016429       0x43 ./Core/Src/main.o
 .debug_macro   0x000000000001646c       0x34 ./Core/Src/main.o
 .debug_macro   0x00000000000164a0       0x10 ./Core/Src/main.o
 .debug_macro   0x00000000000164b0       0x58 ./Core/Src/main.o
 .debug_macro   0x0000000000016508       0x71 ./Core/Src/main.o
 .debug_macro   0x0000000000016579       0x1c ./Core/Src/main.o
 .debug_macro   0x0000000000016595      0x12a ./Core/Src/main.o
 .debug_macro   0x00000000000166bf      0x341 ./Core/Src/main.o
 .debug_macro   0x0000000000016a00       0x10 ./Core/Src/main.o
 .debug_macro   0x0000000000016a10       0x35 ./Core/Src/main.o
 .debug_macro   0x0000000000016a45       0x20 ./Core/Src/main.o
 .debug_macro   0x0000000000016a65       0x1c ./Core/Src/main.o
 .debug_macro   0x0000000000016a81       0x10 ./Core/Src/main.o
 .debug_macro   0x0000000000016a91       0x10 ./Core/Src/main.o
 .debug_macro   0x0000000000016aa1       0x1c ./Core/Src/main.o
 .debug_macro   0x0000000000016abd       0x52 ./Core/Src/main.o
 .debug_macro   0x0000000000016b0f       0x22 ./Core/Src/main.o
 .debug_macro   0x0000000000016b31       0x10 ./Core/Src/main.o
 .debug_macro   0x0000000000016b41       0x52 ./Core/Src/main.o
 .debug_macro   0x0000000000016b93       0xd5 ./Core/Src/main.o
 .debug_macro   0x0000000000016c68       0x1c ./Core/Src/main.o
 .debug_macro   0x0000000000016c84       0x3d ./Core/Src/main.o
 .debug_macro   0x0000000000016cc1       0x16 ./Core/Src/main.o
 .debug_macro   0x0000000000016cd7      0x145 ./Core/Src/main.o
 .debug_macro   0x0000000000016e1c      0x1b2 ./Core/Src/stm32f1xx_hal_msp.o
 .debug_macro   0x0000000000016fce      0x1bc ./Core/Src/stm32f1xx_it.o
 .debug_macro   0x000000000001718a      0x1a3 ./Core/Src/system_stm32f1xx.o
 .debug_macro   0x000000000001732d      0x1c1 ./Core/Src/timer.o
 .debug_macro   0x00000000000174ee      0x1c7 ./Drivers/STM32F1xx_HAL_Driver/Src/stm32f1xx_hal.o
 .debug_macro   0x00000000000176b5      0x1a3 ./Drivers/STM32F1xx_HAL_Driver/Src/stm32f1xx_hal_cortex.o
 .debug_macro   0x0000000000017858      0x1a3 ./Drivers/STM32F1xx_HAL_Driver/Src/stm32f1xx_hal_dma.o
 .debug_macro   0x00000000000179fb      0x20e ./Drivers/STM32F1xx_HAL_Driver/Src/stm32f1xx_hal_gpio.o
 .debug_macro   0x0000000000017c09      0x1b5 ./Drivers/STM32F1xx_HAL_Driver/Src/stm32f1xx_hal_rcc.o
 .debug_macro   0x0000000000017dbe      0x1a4 ./Drivers/STM32F1xx_HAL_Driver/Src/stm32f1xx_hal_tim.o
 .debug_macro   0x0000000000017f62      0x1a3 ./Drivers/STM32F1xx_HAL_Driver/Src/stm32f1xx_hal_tim_ex.o
 .debug_macro   0x0000000000018105      0x1a4 ./Drivers/STM32F1xx_HAL_Driver/Src/stm32f1xx_hal_uart.o

.debug_line     0x0000000000000000     0xe408
 .debug_line    0x0000000000000000      0x762 ./Core/Src/button.o
 .debug_line    0x0000000000000762      0x6dc ./Core/Src/command_parser_fsm.o
 .debug_line    0x0000000000000e3e      0x84a ./Core/Src/fsm_button_processing.o
 .debug_line    0x0000000000001688      0x875 ./Core/Src/fsm_trafficlight.o
 .debug_line    0x0000000000001efd      0xad4 ./Core/Src/main.o
 .debug_line    0x00000000000029d1      0x708 ./Core/Src/stm32f1xx_hal_msp.o
 .debug_line    0x00000000000030d9      0x768 ./Core/Src/stm32f1xx_it.o
 .debug_line    0x0000000000003841      0x6f4 ./Core/Src/system_stm32f1xx.o
 .debug_line    0x0000000000003f35      0x6a6 ./Core/Src/timer.o
 .debug_line    0x00000000000045db       0x87 ./Core/Startup/startup_stm32f103rbtx.o
 .debug_line    0x0000000000004662      0x921 ./Drivers/STM32F1xx_HAL_Driver/Src/stm32f1xx_hal.o
 .debug_line    0x0000000000004f83      0xb09 ./Drivers/STM32F1xx_HAL_Driver/Src/stm32f1xx_hal_cortex.o
 .debug_line    0x0000000000005a8c      0xd79 ./Drivers/STM32F1xx_HAL_Driver/Src/stm32f1xx_hal_dma.o
 .debug_line    0x0000000000006805      0x9b8 ./Drivers/STM32F1xx_HAL_Driver/Src/stm32f1xx_hal_gpio.o
 .debug_line    0x00000000000071bd      0xd2f ./Drivers/STM32F1xx_HAL_Driver/Src/stm32f1xx_hal_rcc.o
 .debug_line    0x0000000000007eec     0x32d7 ./Drivers/STM32F1xx_HAL_Driver/Src/stm32f1xx_hal_tim.o
 .debug_line    0x000000000000b1c3     0x1849 ./Drivers/STM32F1xx_HAL_Driver/Src/stm32f1xx_hal_tim_ex.o
 .debug_line    0x000000000000ca0c     0x19fc ./Drivers/STM32F1xx_HAL_Driver/Src/stm32f1xx_hal_uart.o

.debug_str      0x0000000000000000    0x8a890
 .debug_str     0x0000000000000000    0x83249 ./Core/Src/button.o
                                      0x835a5 (size before relaxing)
 .debug_str     0x0000000000083249       0xca ./Core/Src/command_parser_fsm.o
                                      0x834d4 (size before relaxing)
 .debug_str     0x0000000000083313      0x233 ./Core/Src/fsm_button_processing.o
                                      0x8367c (size before relaxing)
 .debug_str     0x0000000000083546      0x11b ./Core/Src/fsm_trafficlight.o
                                      0x83675 (size before relaxing)
 .debug_str     0x0000000000083661     0x47c2 ./Core/Src/main.o
                                      0x87e2a (size before relaxing)
 .debug_str     0x0000000000087e23      0x36e ./Core/Src/stm32f1xx_hal_msp.o
                                      0x83f10 (size before relaxing)
 .debug_str     0x0000000000088191      0x112 ./Core/Src/stm32f1xx_it.o
                                      0x83bb3 (size before relaxing)
 .debug_str     0x00000000000882a3       0x7e ./Core/Src/system_stm32f1xx.o
                                      0x832d1 (size before relaxing)
 .debug_str     0x0000000000088321       0x2b ./Core/Src/timer.o
                                      0x83446 (size before relaxing)
 .debug_str     0x000000000008834c       0x36 ./Core/Startup/startup_stm32f103rbtx.o
                                         0x80 (size before relaxing)
 .debug_str     0x0000000000088382      0x38e ./Drivers/STM32F1xx_HAL_Driver/Src/stm32f1xx_hal.o
                                      0x83a04 (size before relaxing)
 .debug_str     0x0000000000088710      0x294 ./Drivers/STM32F1xx_HAL_Driver/Src/stm32f1xx_hal_cortex.o
                                      0x83950 (size before relaxing)
 .debug_str     0x00000000000889a4      0x230 ./Drivers/STM32F1xx_HAL_Driver/Src/stm32f1xx_hal_dma.o
                                      0x8367a (size before relaxing)
 .debug_str     0x0000000000088bd4      0x2d0 ./Drivers/STM32F1xx_HAL_Driver/Src/stm32f1xx_hal_gpio.o
                                      0x83657 (size before relaxing)
 .debug_str     0x0000000000088ea4      0x229 ./Drivers/STM32F1xx_HAL_Driver/Src/stm32f1xx_hal_rcc.o
                                      0x83700 (size before relaxing)
 .debug_str     0x00000000000890cd      0xda3 ./Drivers/STM32F1xx_HAL_Driver/Src/stm32f1xx_hal_tim.o
                                      0x846eb (size before relaxing)
 .debug_str     0x0000000000089e70      0x493 ./Drivers/STM32F1xx_HAL_Driver/Src/stm32f1xx_hal_tim_ex.o
                                      0x83f07 (size before relaxing)
 .debug_str     0x000000000008a303      0x58d ./Drivers/STM32F1xx_HAL_Driver/Src/stm32f1xx_hal_uart.o
                                      0x83d0b (size before relaxing)

.comment        0x0000000000000000       0x50
 .comment       0x0000000000000000       0x50 ./Core/Src/button.o
                                         0x51 (size before relaxing)
 .comment       0x0000000000000050       0x51 ./Core/Src/command_parser_fsm.o
 .comment       0x0000000000000050       0x51 ./Core/Src/fsm_button_processing.o
 .comment       0x0000000000000050       0x51 ./Core/Src/fsm_trafficlight.o
 .comment       0x0000000000000050       0x51 ./Core/Src/main.o
 .comment       0x0000000000000050       0x51 ./Core/Src/stm32f1xx_hal_msp.o
 .comment       0x0000000000000050       0x51 ./Core/Src/stm32f1xx_it.o
 .comment       0x0000000000000050       0x51 ./Core/Src/system_stm32f1xx.o
 .comment       0x0000000000000050       0x51 ./Core/Src/timer.o
 .comment       0x0000000000000050       0x51 ./Drivers/STM32F1xx_HAL_Driver/Src/stm32f1xx_hal.o
 .comment       0x0000000000000050       0x51 ./Drivers/STM32F1xx_HAL_Driver/Src/stm32f1xx_hal_cortex.o
 .comment       0x0000000000000050       0x51 ./Drivers/STM32F1xx_HAL_Driver/Src/stm32f1xx_hal_dma.o
 .comment       0x0000000000000050       0x51 ./Drivers/STM32F1xx_HAL_Driver/Src/stm32f1xx_hal_gpio.o
 .comment       0x0000000000000050       0x51 ./Drivers/STM32F1xx_HAL_Driver/Src/stm32f1xx_hal_rcc.o
 .comment       0x0000000000000050       0x51 ./Drivers/STM32F1xx_HAL_Driver/Src/stm32f1xx_hal_tim.o
 .comment       0x0000000000000050       0x51 ./Drivers/STM32F1xx_HAL_Driver/Src/stm32f1xx_hal_tim_ex.o
 .comment       0x0000000000000050       0x51 ./Drivers/STM32F1xx_HAL_Driver/Src/stm32f1xx_hal_uart.o

.debug_frame    0x0000000000000000     0x3460
 .debug_frame   0x0000000000000000       0x84 ./Core/Src/button.o
 .debug_frame   0x0000000000000084       0x30 ./Core/Src/command_parser_fsm.o
 .debug_frame   0x00000000000000b4       0xa4 ./Core/Src/fsm_button_processing.o
 .debug_frame   0x0000000000000158      0x118 ./Core/Src/fsm_trafficlight.o
 .debug_frame   0x0000000000000270      0x118 ./Core/Src/main.o
 .debug_frame   0x0000000000000388       0xc8 ./Core/Src/stm32f1xx_hal_msp.o
 .debug_frame   0x0000000000000450      0x13c ./Core/Src/stm32f1xx_it.o
 .debug_frame   0x000000000000058c       0x58 ./Core/Src/system_stm32f1xx.o
 .debug_frame   0x00000000000005e4       0x60 ./Core/Src/timer.o
 .debug_frame   0x0000000000000644      0x334 ./Drivers/STM32F1xx_HAL_Driver/Src/stm32f1xx_hal.o
 .debug_frame   0x0000000000000978      0x428 ./Drivers/STM32F1xx_HAL_Driver/Src/stm32f1xx_hal_cortex.o
 .debug_frame   0x0000000000000da0      0x208 ./Drivers/STM32F1xx_HAL_Driver/Src/stm32f1xx_hal_dma.o
 .debug_frame   0x0000000000000fa8      0x14c ./Drivers/STM32F1xx_HAL_Driver/Src/stm32f1xx_hal_gpio.o
 .debug_frame   0x00000000000010f4      0x21c ./Drivers/STM32F1xx_HAL_Driver/Src/stm32f1xx_hal_rcc.o
 .debug_frame   0x0000000000001310     0x11b8 ./Drivers/STM32F1xx_HAL_Driver/Src/stm32f1xx_hal_tim.o
 .debug_frame   0x00000000000024c8      0x638 ./Drivers/STM32F1xx_HAL_Driver/Src/stm32f1xx_hal_tim_ex.o
 .debug_frame   0x0000000000002b00      0x914 ./Drivers/STM32F1xx_HAL_Driver/Src/stm32f1xx_hal_uart.o
 .debug_frame   0x0000000000003414       0x2c c:/st/stm32cubeide_1.7.0/stm32cubeide/plugins/com.st.stm32cube.ide.mcu.externaltools.gnu-tools-for-stm32.10.3-2021.10.win32_1.0.100.202210260954/tools/bin/../lib/gcc/arm-none-eabi/10.3.1/../../../../arm-none-eabi/lib/thumb/v7-m/nofp\libc_nano.a(lib_a-init.o)
 .debug_frame   0x0000000000003440       0x20 c:/st/stm32cubeide_1.7.0/stm32cubeide/plugins/com.st.stm32cube.ide.mcu.externaltools.gnu-tools-for-stm32.10.3-2021.10.win32_1.0.100.202210260954/tools/bin/../lib/gcc/arm-none-eabi/10.3.1/../../../../arm-none-eabi/lib/thumb/v7-m/nofp\libc_nano.a(lib_a-memset.o)
